
spl.o:     file format elf32-littlearm


Disassembly of section .text.Console_putc:

00000000 <Console_putc>:
   0:	4b02      	ldr	r3, [pc, #8]	; (c <Console_putc+0xc>)
   2:	695a      	ldr	r2, [r3, #20]
   4:	0692      	lsls	r2, r2, #26
   6:	d5fc      	bpl.n	2 <Console_putc+0x2>
   8:	6018      	str	r0, [r3, #0]
   a:	4770      	bx	lr
   c:	ffc02000 	.word	0xffc02000

Disassembly of section .text.Console_puts:

00000000 <Console_puts>:
   0:	1e41      	subs	r1, r0, #1
   2:	b508      	push	{r3, lr}
   4:	f811 0f01 	ldrb.w	r0, [r1, #1]!
   8:	b900      	cbnz	r0, c <Console_puts+0xc>
   a:	bd08      	pop	{r3, pc}
   c:	f7ff fffe 	bl	0 <Console_puts>
  10:	e7f8      	b.n	4 <Console_puts+0x4>

Disassembly of section .text.board_init_r:

00000000 <board_init_r>:
   0:	e92d 41f3 	stmdb	sp!, {r0, r1, r4, r5, r6, r7, r8, lr}
   4:	2101      	movs	r1, #1
   6:	4e17      	ldr	r6, [pc, #92]	; (64 <board_init_r+0x64>)
   8:	f44f 7083 	mov.w	r0, #262	; 0x106
   c:	f8df 8058 	ldr.w	r8, [pc, #88]	; 68 <board_init_r+0x68>
  10:	f7ff fffe 	bl	0 <socfpga_per_reset>
  14:	2100      	movs	r1, #0
  16:	f44f 7083 	mov.w	r0, #262	; 0x106
  1a:	f04f 7780 	mov.w	r7, #16777216	; 0x1000000
  1e:	f7ff fffe 	bl	0 <socfpga_per_reset>
  22:	f04f 33ff 	mov.w	r3, #4294967295
  26:	6073      	str	r3, [r6, #4]
  28:	2400      	movs	r4, #0
  2a:	4b10      	ldr	r3, [pc, #64]	; (6c <board_init_r+0x6c>)
  2c:	2501      	movs	r5, #1
  2e:	6037      	str	r7, [r6, #0]
  30:	9301      	str	r3, [sp, #4]
  32:	f104 0308 	add.w	r3, r4, #8
  36:	446b      	add	r3, sp
  38:	f813 0c04 	ldrb.w	r0, [r3, #-4]
  3c:	f7ff fffe 	bl	0 <board_init_r>
  40:	4640      	mov	r0, r8
  42:	f7ff fffe 	bl	0 <udelay>
  46:	b14d      	cbz	r5, 5c <board_init_r+0x5c>
  48:	2500      	movs	r5, #0
  4a:	6035      	str	r5, [r6, #0]
  4c:	3401      	adds	r4, #1
  4e:	2008      	movs	r0, #8
  50:	2c04      	cmp	r4, #4
  52:	bfa8      	it	ge
  54:	2400      	movge	r4, #0
  56:	f7ff fffe 	bl	0 <board_init_r>
  5a:	e7ea      	b.n	32 <board_init_r+0x32>
  5c:	6037      	str	r7, [r6, #0]
  5e:	2501      	movs	r5, #1
  60:	e7f4      	b.n	4c <board_init_r+0x4c>
  62:	bf00      	nop
  64:	ff709000 	.word	0xff709000
  68:	0007a120 	.word	0x0007a120
  6c:	5c7c2f2d 	.word	0x5c7c2f2d

Disassembly of section .text.preloader_console_init:

00000000 <preloader_console_init>:
   0:	4b1e      	ldr	r3, [pc, #120]	; (7c <preloader_console_init+0x7c>)
   2:	2100      	movs	r1, #0
   4:	b510      	push	{r4, lr}
   6:	2203      	movs	r2, #3
   8:	4c1d      	ldr	r4, [pc, #116]	; (80 <preloader_console_init+0x80>)
   a:	2007      	movs	r0, #7
   c:	6059      	str	r1, [r3, #4]
   e:	611a      	str	r2, [r3, #16]
  10:	6098      	str	r0, [r3, #8]
  12:	2083      	movs	r0, #131	; 0x83
  14:	60d8      	str	r0, [r3, #12]
  16:	2036      	movs	r0, #54	; 0x36
  18:	6018      	str	r0, [r3, #0]
  1a:	4620      	mov	r0, r4
  1c:	6059      	str	r1, [r3, #4]
  1e:	60da      	str	r2, [r3, #12]
  20:	f7ff fffe 	bl	0 <preloader_console_init>
  24:	4620      	mov	r0, r4
  26:	f7ff fffe 	bl	0 <preloader_console_init>
  2a:	4816      	ldr	r0, [pc, #88]	; (84 <preloader_console_init+0x84>)
  2c:	f7ff fffe 	bl	0 <preloader_console_init>
  30:	4815      	ldr	r0, [pc, #84]	; (88 <preloader_console_init+0x88>)
  32:	f7ff fffe 	bl	0 <preloader_console_init>
  36:	4620      	mov	r0, r4
  38:	f7ff fffe 	bl	0 <preloader_console_init>
  3c:	4813      	ldr	r0, [pc, #76]	; (8c <preloader_console_init+0x8c>)
  3e:	f7ff fffe 	bl	0 <preloader_console_init>
  42:	4813      	ldr	r0, [pc, #76]	; (90 <preloader_console_init+0x90>)
  44:	f7ff fffe 	bl	0 <preloader_console_init>
  48:	4620      	mov	r0, r4
  4a:	f7ff fffe 	bl	0 <preloader_console_init>
  4e:	4811      	ldr	r0, [pc, #68]	; (94 <preloader_console_init+0x94>)
  50:	f7ff fffe 	bl	0 <preloader_console_init>
  54:	4810      	ldr	r0, [pc, #64]	; (98 <preloader_console_init+0x98>)
  56:	f7ff fffe 	bl	0 <preloader_console_init>
  5a:	4810      	ldr	r0, [pc, #64]	; (9c <preloader_console_init+0x9c>)
  5c:	f7ff fffe 	bl	0 <preloader_console_init>
  60:	480f      	ldr	r0, [pc, #60]	; (a0 <preloader_console_init+0xa0>)
  62:	f7ff fffe 	bl	0 <preloader_console_init>
  66:	480f      	ldr	r0, [pc, #60]	; (a4 <preloader_console_init+0xa4>)
  68:	f7ff fffe 	bl	0 <preloader_console_init>
  6c:	4620      	mov	r0, r4
  6e:	f7ff fffe 	bl	0 <preloader_console_init>
  72:	4620      	mov	r0, r4
  74:	e8bd 4010 	ldmia.w	sp!, {r4, lr}
  78:	f7ff bffe 	b.w	0 <preloader_console_init>
  7c:	ffc02000 	.word	0xffc02000
  80:	00000000 	.word	0x00000000
  84:	00000003 	.word	0x00000003
  88:	00000032 	.word	0x00000032
  8c:	00000071 	.word	0x00000071
  90:	000000a3 	.word	0x000000a3
  94:	000000bc 	.word	0x000000bc
  98:	000000fb 	.word	0x000000fb
  9c:	0000012f 	.word	0x0000012f
  a0:	00000162 	.word	0x00000162
  a4:	00000194 	.word	0x00000194

Disassembly of section .text.spl_relocate_stack_gd:

00000000 <spl_relocate_stack_gd>:
   0:	2000      	movs	r0, #0
   2:	4770      	bx	lr
